python : 2026-04-02 
23:13:39,415 [INFO] 
assignment_planner.server 
û Server starting û 
initialising env with 
task_id='easy_1'
At line:1 char:1
+ python 
full_test_suite.py > 
test_output.txt 2>&1; 
Get-Content test_ou ...
+ ~~~~~~~~~~~~~~~~~~~~~~~~
~~~~~~~~~~~~~~~~~~~~~~~~
    + CategoryInfo        
      : NotSpecified: (2  
  026-04-02 23:1...ask_   
 id='easy_1':String) [    
], RemoteException
    + FullyQualifiedError 
   Id : NativeCommandErr  
  or
 
2026-04-02 23:13:39,415 
[INFO] 
assignment_planner.server 
û Environment ready. 
Available task IDs: 
['easy_1', 'medium_1', 
'hard_1']
2026-04-02 23:13:41,915 
[INFO] 
assignment_planner.server 
û Environment reset with 
task_id='easy_1'
2026-04-02 23:13:41,916 
[INFO] 
assignment_planner.server 
û Environment reset with 
task_id='medium_1'
2026-04-02 23:13:41,917 
[INFO] 
assignment_planner.server 
û Environment reset with 
task_id='hard_1'
2026-04-02 23:13:41,918 
[INFO] 
assignment_planner.server 
û Environment reset with 
task_id='easy_1'
2026-04-02 23:13:41,923 
[INFO] 
assignment_planner.server 
û Environment reset with 
task_id='easy_1'

[96m[1m============================================================[0m
[96m[1m  TEST 1 û Pydantic Models[0m
[96m[1m============================================================[0m
  [92m[PASS][0m Task model: valid construction
  [92m[PASS][0m Action model: hours=0 correctly rejected (pydantic gt constraint)
  [92m[PASS][0m Action.hours: 2.5
  [92m[PASS][0m Action.ask_for_help: True
  [92m[PASS][0m Observation round-trip day: 0
  [92m[PASS][0m Observation round-trip tasks len: 1
  [92m[PASS][0m State model: day=1 hours=4.0

[96m[1m============================================================[0m
[96m[1m  TEST 2 û task_config.py[0m
[96m[1m============================================================[0m
  [92m[PASS][0m list_task_ids(): ['easy_1', 'medium_1', 'hard_1']
  [92m[PASS][0m easy_1 task count: 2
  [92m[PASS][0m easy_1 max_days: 3
  [92m[PASS][0m easy_1 daily_capacity: 6.0
  [92m[PASS][0m medium_1 task count: 3
  [92m[PASS][0m medium_1 max_days: 4
  [92m[PASS][0m medium_1 daily_capacity: 6.0
  [92m[PASS][0m hard_1 task count: 5
  [92m[PASS][0m hard_1 max_days: 3
  [92m[PASS][0m hard_1 daily_capacity: 6.0
  [92m[PASS][0m get_config(unknown): raises KeyError

[96m[1m============================================================[0m
[96m[1m  TEST 3 û AssignmentPlannerEnv reset()[0m
[96m[1m============================================================[0m
  [92m[PASS][0m easy_1 day after reset: 0
  [92m[PASS][0m easy_1 hours_left_today: 6.0
  [92m[PASS][0m easy_1 task count: 2
  [92m[PASS][0m easy_1 task[0].status: 'not_started'
  [92m[PASS][0m easy_1 task[0].remaining_hours: 2.0
  [92m[PASS][0m easy_1 task[1].status: 'not_started'
  [92m[PASS][0m easy_1 task[1].remaining_hours: 4.0
  [92m[PASS][0m medium_1 day after reset: 0
  [92m[PASS][0m medium_1 hours_left_today: 6.0
  [92m[PASS][0m medium_1 task count: 3
  [92m[PASS][0m medium_1 task[0].status: 'not_started'
  [92m[PASS][0m medium_1 task[0].remaining_hours: 3.0
  [92m[PASS][0m medium_1 task[1].status: 'not_started'
  [92m[PASS][0m medium_1 task[1].remaining_hours: 3.0
  [92m[PASS][0m medium_1 task[2].status: 'not_started'
  [92m[PASS][0m medium_1 task[2].remaining_hours: 5.0
  [92m[PASS][0m hard_1 day after reset: 0
  [92m[PASS][0m hard_1 hours_left_today: 6.0
  [92m[PASS][0m hard_1 task count: 5
  [92m[PASS][0m hard_1 task[0].status: 'not_started'
  [92m[PASS][0m hard_1 task[0].remaining_hours: 4.0
  [92m[PASS][0m hard_1 task[1].status: 'not_started'
  [92m[PASS][0m hard_1 task[1].remaining_hours: 4.0
  [92m[PASS][0m hard_1 task[2].status: 'not_started'
  [92m[PASS][0m hard_1 task[2].remaining_hours: 2.0
  [92m[PASS][0m hard_1 task[3].status: 'not_started'
  [92m[PASS][0m hard_1 task[3].remaining_hours: 7.0
  [92m[PASS][0m hard_1 task[4].status: 'not_started'
  [92m[PASS][0m hard_1 task[4].remaining_hours: 4.0
  [92m[PASS][0m Unknown task_id raises KeyError

[96m[1m============================================================[0m
[96m[1m  TEST 4 û Environment step() and state()[0m
[96m[1m============================================================[0m
  [92m[PASS][0m easy_1 step1: not done yet
  [92m[PASS][0m easy_1 step1: task0 done: 'done'
  [92m[PASS][0m easy_1 step1: 4h left: 4.0
  [92m[PASS][0m easy_1 step1: reward positive (5.4000)
  [92m[PASS][0m easy_1 step1: clamped_hours: 2.0
  [92m[PASS][0m easy_1 step2: episode done
  [92m[PASS][0m easy_1 step2: all_tasks_done=True
  [92m[PASS][0m easy_1 step2: day advanced
  [92m[PASS][0m easy_1 step2: reward positive (8.9500)
  [92m[PASS][0m easy_1 state(): all tasks done
  [92m[PASS][0m medium_1: day not advanced after 3h
  [92m[PASS][0m medium_1: task0 done after 3h: 'done'
  [92m[PASS][0m medium_1: day advanced when capacity exhausted
  [92m[PASS][0m medium_1: day becomes 1: 1

[96m[1m============================================================[0m
[96m[1m  TEST 5 û Invalid action handling[0m
[96m[1m============================================================[0m
  [92m[PASS][0m task_id out-of-range raises AssertionError
  [92m[PASS][0m Stepping on done task raises AssertionError
  [92m[PASS][0m Excessive hours clamped to 3.0h

[96m[1m============================================================[0m
[96m[1m  TEST 6 û Graders[0m
[96m[1m============================================================[0m
  [92m[PASS][0m easy_1: score in [0,1] (1.0000)
  [92m[PASS][0m medium_1: score in [0,1] (0.9000)
  [92m[PASS][0m hard_1: score in [0,1] (0.7500)
  [92m[PASS][0m grade_easy is deterministic: 1.0
  [92m[PASS][0m grade_easy([]) = 0.0: 0.0
  [92m[PASS][0m grade(unknown) raises KeyError

  Heuristic scores: easy=1.0000  medium=0.9000  hard=0.7500
  [92m[PASS][0m easy_1 heuristic score >= 0.9 (1.0000)
  [92m[PASS][0m medium_1 heuristic score >= 0.9 (0.9000)
  [92m[PASS][0m hard_1 heuristic score >= 0.5 (0.7500)

[96m[1m============================================================[0m
[96m[1m  TEST 7 û FastAPI Server (live HTTP endpoints)[0m
[96m[1m============================================================[0m
  [92m[PASS][0m GET /: status=ok: 'ok'
  [92m[PASS][0m GET /: available_tasks: ['easy_1', 'hard_1', 'medium_1']
  [92m[PASS][0m POST /reset?task_id=easy_1: day=0: 0
  [92m[PASS][0m POST /reset?task_id=easy_1: task count: 2
  [92m[PASS][0m POST /reset?task_id=medium_1: day=0: 0
  [92m[PASS][0m POST /reset?task_id=medium_1: task count: 3
  [92m[PASS][0m POST /reset?task_id=hard_1: day=0: 0
  [92m[PASS][0m POST /reset?task_id=hard_1: task count: 5
  [92m[PASS][0m POST /step: has 'observation'
  [92m[PASS][0m POST /step: has 'reward'
  [92m[PASS][0m POST /step: has 'done'
  [92m[PASS][0m POST /step: has 'info'
  [92m[PASS][0m POST /step: task0 done after 2h: 'done'
  [92m[PASS][0m POST /step: reward > 0 (5.4)
  [92m[PASS][0m GET /state: has all fields
  [92m[PASS][0m POST /reset?task_id=nonexistent: returns HTTP 400: 400
  [92m[PASS][0m POST /step bad task_id: returns HTTP 400: 400

[96m[1m============================================================[0m
[96m[1m  TEST 8 û inference.py (--local --no-llm, all tasks)[0m
[96m[1m============================================================[0m

  --- inference.py output (last 20 lines) ---
  [STEP] step=2, action={"task_id":1,"hours":2.0,"ask_for_help":true}, reward=1.95, done=False, info={"clamped_hours":2.0,"day_advanced":true,"all_tasks_done":false,"deadline_expired":false}
  [STEP] step=3, action={"task_id":1,"hours":2.0,"ask_for_help":true}, reward=4.7, done=False, info={"clamped_hours":2.0,"day_advanced":false,"all_tasks_done":false,"deadline_expired":false}
  [STEP] step=4, action={"task_id":2,"hours":2.0,"ask_for_help":false}, reward=4.75, done=False, info={"clamped_hours":2.0,"day_advanced":false,"all_tasks_done":false,"deadline_expired":false}
  [STEP] step=5, action={"task_id":4,"hours":2.0,"ask_for_help":false}, reward=1.0, done=False, info={"clamped_hours":2.0,"day_advanced":true,"all_tasks_done":false,"deadline_expired":false}
  [STEP] step=6, action={"task_id":4,"hours":2.0,"ask_for_help":false}, reward=3.0, done=False, info={"clamped_hours":2.0,"day_advanced":false,"all_tasks_done":false,"deadline_expired":false}
  [STEP] step=7, action={"task_id":3,"hours":4.0,"ask_for_help":true}, reward=-2.6571, done=True, info={"clamped_hours":4.0,"day_advanced":true,"all_tasks_done":false,"deadline_expired":true}
  [END] score=0.75
  2026-04-02 23:13:42,054 [INFO] Task hard_1 finished in 0.0s  score=0.7500
  
  ==================================================
  FINAL SCORES
  ==================================================
  Traceback (most recent call last):
    File "C:\Users\adity\OneDrive\Desktop\Hackathon\inference.py", line 655, in <module>
      main()
    File "C:\Users\adity\OneDrive\Desktop\Hackathon\inference.py", line 647, in main
      print(f"  {tid:<12}  score={sc:.4f}  |{bar:<20}|")
    File "C:\Program Files\Python310\lib\encodings\cp1252.py", line 19, in encode
      return codecs.charmap_encode(input,self.errors,encoding_table)[0]
  UnicodeEncodeError: 'charmap' codec can't encode characters in position 31-50: character maps to <undefined>
  ---
  [91m[FAIL][0m inference.py exit code = 0: expected 0, got 1
  [92m[PASS][0m [START] lines count = 3: 3
  [92m[PASS][0m [STEP] lines >= 3 (got 12)
  [92m[PASS][0m [END] lines count = 3: 3
  [92m[PASS][0m [END] score in [0,1]: 1.0000
  [92m[PASS][0m [END] score in [0,1]: 0.9000
  [92m[PASS][0m [END] score in [0,1]: 0.7500
  [92m[PASS][0m [STEP] line parses OK: step=1

[1m============================================================[0m
[1m  TEST SUMMARY[0m
[1m============================================================[0m
  [92mPassed : 98/99[0m
  [91mFailed : 1/99[0m

  [91mFailed tests:[0m
Traceback (most recent 
call last):
  File "C:\Users\adity\One
Drive\Desktop\Hackathon\fu
ll_test_suite.py", line 
483, in <module>
    print(f"    
{RED}\u2717 
{r['msg']}{RESET}")
  File "C:\Program Files\P
ython310\lib\encodings\cp1
252.py", line 19, in 
encode
    return codecs.charmap_
encode(input,self.errors,e
ncoding_table)[0]
UnicodeEncodeError: 
'charmap' codec can't 
encode character '\u2717' 
in position 9: character 
maps to <undefined>
